// Jest Snapshot v1, https://goo.gl/fbAQLP

exports[`title component should render the title component 1`] = `
<a
  className="title left brand-logo"
  href="/"
  onClick={[Function]}
>
  Acme Tech Shop
</a>
`;
